Godot Engine v4.7.2.stable.official.ed1daf0bf - https://godotengine.org

GAME_READY {"renderer":"forward_plus","seed":73}
SPELL_CHECK lance_first_visible_victim PASS {"array_order":"far created first","far_hp":1000.0,"near_hp":966.0}
SPELL_CHECK lance_range_and_direction PASS {"behind_origin_hp":1000.0,"beyond_19m_hp":1000.0}
SPELL_CHECK lance_miss_cannot_damage_or_charge PASS {"charge":0.0,"outside_hp":1000.0}
SPELL_CHECK pierce_three_in_travel_order PASS {"hp_far_to_near":[1000.0,966.0,966.0,966.0]}
SPELL_CHECK fork_overlap_does_not_duplicate_direct_hit PASS {"damage":34.0,"direct_hits":1}
SPELL_CHECK lance_has_windup_and_cooldown PASS {"accepted":true,"hp_at_116ms":1000.0,"queued":1,"repeat_accepted":false}
SPELL_CHECK lance_damage_at_discharge PASS {"charge":2.8,"hp_at_150ms":966.0}
SPELL_CHECK lance_reopens_after_cooldown PASS {"cooldown_after_566ms":0.0}
SPELL_CHECK crown_shape_base PASS {"cooldown_rejected":true,"gathered":7,"launched":7}
SPELL_CHECK crown_shape_resonance PASS {"cooldown_rejected":true,"gathered":9,"launched":9}
SPELL_CHECK crown_shape_fork PASS {"cooldown_rejected":true,"gathered":7,"launched":14}
SPELL_CHECK crown_snapshots_loadout_and_follows_caster PASS {"orbit_followed":true,"shots_after_modifier_removal":18}
SPELL_CHECK crown_projectile_pierces_three_unique_in_order PASS {"hits":3,"hp_far_to_near":[1000.0,973.0,973.0,973.0],"shots_remaining":0}
SPELL_CHECK projectile_cannot_rehit_while_inside_one_victim PASS {"hits":1,"target_hp":973.0,"time_inside_volume":"multiple fixed physics segments"}
SPELL_CHECK crown_target_death_retargets_without_invalid_reference PASS {"orbiting":0,"projectiles":0,"surviving_target_hp":811.0}
SPELL_CHECK secondary_does_not_charge_recurse_or_stack PASS {"charge":0.0,"neighbor_hp":1000.0,"pending":0,"primary_hp":980.0,"stacks":2}
SPELL_CHECK chain_two_unique_nearest_hops PASS {"charge":2.8,"hp":[966.0,983.68,983.68,1000.0],"secondary_hits":2}
SPELL_CHECK pierce_overload_third_hit_and_secondary_charge PASS {"charge":25.2,"direct_hits":9,"hp":[868.0,868.0,868.0],"secondary_hits":3}
SPELL_CHECK lance_snapshots_modifiers_at_request PASS {"current_modifiers":[],"direct_hp":[966.0,980.28,980.28]}
SPELL_CHECK echo_uses_recorded_origin_aim_and_shape PASS {"charge":8.4,"hp_after_echo":[950.7,971.406,971.406],"new_aim_victim_hp":1000.0,"original_origin":"(0.505917, 2.467624, -0.160628)","recorded_origin":"(0.505917, 2.467624, -0.160628)","secondary_hits":3}
SPELL_CHECK cataclysm_single_spend_and_delayed_damage PASS {"charge":0.0,"first":true,"hp_at_633ms":1000.0,"repeat":false,"spent":1}
SPELL_CHECK cataclysm_committed_area_once PASS {"center_hp":855.0,"new_aim_hp":1000.0,"secondary_hits":1}
SPELL_CHECK gravity_pulls_regular_guardian_resists PASS {"guardian_position":"(-3.0, 0.0, 0.0)","regular_position":"(2.000002, 0.0, 0.0)"}
SPELL_CHECK aftershock_has_separate_delayed_damage PASS {"after_echo":790.0,"after_main":855.0,"before_echo":855.0,"before_ring_arrives":855.0,"charge":0.0}
SPELL_CHECK all_eight_modifiers_equip_remove PASS {"final_modifiers":[]}
SPELL_CHECK three_unique_slots_reject_fourth_invalid PASS {"loadout":["fork","pierce","chain"]}
SPELL_CHECK replacement_keeps_old_until_slot_selected PASS {"after_slot":["echo","pierce","chain"],"before_slot":["fork","pierce","chain"]}
SPELL_CHECK removed_modifiers_restore_plain_lance PASS {"loadout":[],"main_hp":966.0,"side_hp":1000.0}
SPELL_CHECK child32_omits_newest_damaging_branch PASS {"children":32,"hp":[966.0,980.28,1000.0],"omitted":1}
SPELL_CHECK crown_admission_respects_combined128 PASS {"accepted":false,"cooldown":0.0,"orbiting":0,"shots":125}
SPELL_CHECK shot_spawn_respects_orbiting_capacity PASS {"orbiting":7,"shots":121}
SPELL_CHECK effects_and_projectiles_return_to_baseline PASS {"after_nodes":237,"before_nodes":237,"effects":0,"orbiting":0,"pending":0,"projectiles":0}
SPELL_CHECKS_RESULT {"checks":[{"evidence":{"array_order":"far created first","far_hp":1000.0,"near_hp":966.0},"id":"lance_first_visible_victim","passed":true},{"evidence":{"behind_origin_hp":1000.0,"beyond_19m_hp":1000.0},"id":"lance_range_and_direction","passed":true},{"evidence":{"charge":0.0,"outside_hp":1000.0},"id":"lance_miss_cannot_damage_or_charge","passed":true},{"evidence":{"hp_far_to_near":[1000.0,966.0,966.0,966.0]},"id":"pierce_three_in_travel_order","passed":true},{"evidence":{"damage":34.0,"direct_hits":1},"id":"fork_overlap_does_not_duplicate_direct_hit","passed":true},{"evidence":{"accepted":true,"hp_at_116ms":1000.0,"queued":1,"repeat_accepted":false},"id":"lance_has_windup_and_cooldown","passed":true},{"evidence":{"charge":2.8,"hp_at_150ms":966.0},"id":"lance_damage_at_discharge","passed":true},{"evidence":{"cooldown_after_566ms":0.0},"id":"lance_reopens_after_cooldown","passed":true},{"evidence":{"cooldown_rejected":true,"gathered":7,"launched":7},"id":"crown_shape_base","passed":true},{"evidence":{"cooldown_rejected":true,"gathered":9,"launched":9},"id":"crown_shape_resonance","passed":true},{"evidence":{"cooldown_rejected":true,"gathered":7,"launched":14},"id":"crown_shape_fork","passed":true},{"evidence":{"orbit_followed":true,"shots_after_modifier_removal":18},"id":"crown_snapshots_loadout_and_follows_caster","passed":true},{"evidence":{"hits":3,"hp_far_to_near":[1000.0,973.0,973.0,973.0],"shots_remaining":0},"id":"crown_projectile_pierces_three_unique_in_order","passed":true},{"evidence":{"hits":1,"target_hp":973.0,"time_inside_volume":"multiple fixed physics segments"},"id":"projectile_cannot_rehit_while_inside_one_victim","passed":true},{"evidence":{"orbiting":0,"projectiles":0,"surviving_target_hp":811.0},"id":"crown_target_death_retargets_without_invalid_reference","passed":true},{"evidence":{"charge":0.0,"neighbor_hp":1000.0,"pending":0,"primary_hp":980.0,"stacks":2},"id":"secondary_does_not_charge_recurse_or_stack","passed":true},{"evidence":{"charge":2.8,"hp":[966.0,983.68,983.68,1000.0],"secondary_hits":2},"id":"chain_two_unique_nearest_hops","passed":true},{"evidence":{"charge":25.2,"direct_hits":9,"hp":[868.0,868.0,868.0],"secondary_hits":3},"id":"pierce_overload_third_hit_and_secondary_charge","passed":true},{"evidence":{"current_modifiers":[],"direct_hp":[966.0,980.28,980.28]},"id":"lance_snapshots_modifiers_at_request","passed":true},{"evidence":{"charge":8.4,"hp_after_echo":[950.7,971.406,971.406],"new_aim_victim_hp":1000.0,"original_origin":"(0.505917, 2.467624, -0.160628)","recorded_origin":"(0.505917, 2.467624, -0.160628)","secondary_hits":3},"id":"echo_uses_recorded_origin_aim_and_shape","passed":true},{"evidence":{"charge":0.0,"first":true,"hp_at_633ms":1000.0,"repeat":false,"spent":1},"id":"cataclysm_single_spend_and_delayed_damage","passed":true},{"evidence":{"center_hp":855.0,"new_aim_hp":1000.0,"secondary_hits":1},"id":"cataclysm_committed_area_once","passed":true},{"evidence":{"guardian_position":"(-3.0, 0.0, 0.0)","regular_position":"(2.000002, 0.0, 0.0)"},"id":"gravity_pulls_regular_guardian_resists","passed":true},{"evidence":{"after_echo":790.0,"after_main":855.0,"before_echo":855.0,"before_ring_arrives":855.0,"charge":0.0},"id":"aftershock_has_separate_delayed_damage","passed":true},{"evidence":{"final_modifiers":[]},"id":"all_eight_modifiers_equip_remove","passed":true},{"evidence":{"loadout":["fork","pierce","chain"]},"id":"three_unique_slots_reject_fourth_invalid","passed":true},{"evidence":{"after_slot":["echo","pierce","chain"],"before_slot":["fork","pierce","chain"]},"id":"replacement_keeps_old_until_slot_selected","passed":true},{"evidence":{"loadout":[],"main_hp":966.0,"side_hp":1000.0},"id":"removed_modifiers_restore_plain_lance","passed":true},{"evidence":{"children":32,"hp":[966.0,980.28,1000.0],"omitted":1},"id":"child32_omits_newest_damaging_branch","passed":true},{"evidence":{"accepted":false,"cooldown":0.0,"orbiting":0,"shots":125},"id":"crown_admission_respects_combined128","passed":true},{"evidence":{"orbiting":7,"shots":121},"id":"shot_spawn_respects_orbiting_capacity","passed":true},{"evidence":{"after_nodes":237,"before_nodes":237,"effects":0,"orbiting":0,"pending":0,"projectiles":0},"id":"effects_and_projectiles_return_to_baseline","passed":true}],"count":32,"passed":true,"scope":"Production scene and spell methods with fixed fixtures; not visual, performance, or complete-run evidence.","seconds":0.429}
